// Jest Snapshot v1, https://goo.gl/fbAQLP

exports[`ProfilePicture should render correctly 1`] = `
<div
  className="profileContainer"
>
  <div
    className="imgHoverZoom"
  >
    <img
      alt=""
      className="picture blur"
      height={NaN}
      id="profilePicture"
      onClick={[Function]}
      onMouseEnter={[Function]}
      onMouseLeave={[Function]}
      style={
        Object {
          "background": "url(undefined)",
          "maxHeight": "60%",
          "minHeight": NaN,
          "opacity": undefined,
          "top": 0,
        }
      }
      width="50%"
    />
  </div>
</div>
`;
