// Jest Snapshot v1, https://goo.gl/fbAQLP

exports[`SubPictures should render correctly 1`] = `
<div
  className="subPictureColumn"
  style={
    Object {
      "height": NaN,
      "left": "50%",
      "minHeight": NaN,
    }
  }
>
  <div
    className="imgHoverZoom"
  >
    <div
      className="entryOne"
    >
      <img
        alt=""
        className="subPicture blur"
        data-src="http://lorempixel.com/1440/960/city"
        height={NaN}
        id="subPictures"
        name="two"
        onClick={[Function]}
        onMouseDown={[Function]}
        onMouseEnter={[Function]}
        onMouseLeave={[Function]}
        src="http://lorempixel.com/60/40/city"
        style={
          Object {
            "background": "url(http://lorempixel.com/60/40/city)",
            "minHeight": NaN,
            "opacity": undefined,
            "top": 0,
          }
        }
        width={256}
      />
    </div>
  </div>
  <div
    className="imgHoverZoom"
  >
    <div
      className="entryTwo"
    >
      <img
        alt=""
        className="subPicture blur"
        data-src="http://lorempixel.com/1440/960/city"
        height={NaN}
        id="subPictures"
        name="three"
        onClick={[Function]}
        onMouseDown={[Function]}
        onMouseEnter={[Function]}
        onMouseLeave={[Function]}
        src="http://lorempixel.com/60/40/city"
        style={
          Object {
            "background": "url(http://lorempixel.com/60/40/city)",
            "minHeight": NaN,
            "opacity": undefined,
            "top": 0,
          }
        }
        width={256}
      />
    </div>
  </div>
</div>
`;
