// Jest Snapshot v1, https://goo.gl/fbAQLP

exports[`SubPictures should render correctly 1`] = `
<div
  className="subPictureColumn"
  style={
    Object {
      "height": "60%",
      "left": "50%",
      "minHeight": "60%",
    }
  }
>
  <div
    className="img-hover-zoom"
  >
    <div
      className="entryOne"
    >
      <img
        alt="http://lorempixel.com/1440/960/city/"
        className="subPicture"
        height="50%"
        id="subPictures"
        name="two"
        onClick={[Function]}
        onMouseEnter={[Function]}
        onMouseLeave={[Function]}
        src="http://lorempixel.com/1440/960/city"
        style={
          Object {
            "minHeight": NaN,
            "opacity": undefined,
            "top": 0,
          }
        }
        width={256}
      />
    </div>
  </div>
  <div
    className="img-hover-zoom"
  >
    <div
      className="entryTwo"
    >
      <img
        alt="http://lorempixel.com/1440/960/city/"
        className="subPicture"
        height="50%"
        id="subPictures"
        name="three"
        onClick={[Function]}
        onMouseEnter={[Function]}
        onMouseLeave={[Function]}
        src="http://lorempixel.com/1440/960/city"
        style={
          Object {
            "minHeight": NaN,
            "opacity": undefined,
            "top": 0,
          }
        }
        width={256}
      />
    </div>
  </div>
</div>
`;
